127.0.0.1 - - [21/Jul/2015:14:14:12 -0400] "GET / HTTP/1.1" 404 951
0:0:0:0:0:0:0:1 - - [21/Jul/2015:14:14:13 -0400] "GET /Task_Manager/RegisterUser.html HTTP/1.1" 304 -
0:0:0:0:0:0:0:1 - - [21/Jul/2015:14:14:15 -0400] "GET /Task_Manager/UserRegistrationServlet?first_name=&last_name=&email=&password=&password_confirmation=&submit=register HTTP/1.1" 404 1023
127.0.0.1 - - [21/Jul/2015:14:16:06 -0400] "GET / HTTP/1.1" 404 951
127.0.0.1 - - [21/Jul/2015:14:19:26 -0400] "GET / HTTP/1.1" 404 951
0:0:0:0:0:0:0:1 - - [21/Jul/2015:14:19:35 -0400] "GET /Task_Manager/UserRegistrationServlet?first_name=&last_name=&email=&password=1&password_confirmation=2&submit=register HTTP/1.1" 200 142
0:0:0:0:0:0:0:1 - - [21/Jul/2015:14:19:45 -0400] "GET /Task_Manager/UserRegistrationServlet?first_name=15&last_name=15&email=15&password=123&password_confirmation=154&submit=register HTTP/1.1" 200 31
0:0:0:0:0:0:0:1 - - [21/Jul/2015:14:22:39 -0400] "GET /Task_Manager/UserRegistrationServlet?first_name=crazy&last_name=dude&email=crazydude@gmail.com&password=crazy&password_confirmation=crazy&submit=register HTTP/1.1" 200 31
0:0:0:0:0:0:0:1 - - [21/Jul/2015:14:23:31 -0400] "GET /Task_Manager/RegisterUser.html HTTP/1.1" 200 902
0:0:0:0:0:0:0:1 - - [21/Jul/2015:14:43:26 -0400] "GET /Task_Manager/RegisterUser.html HTTP/1.1" 200 913
0:0:0:0:0:0:0:1 - - [21/Jul/2015:14:45:30 -0400] "GET /Task_Manager/RegisterUser.html HTTP/1.1" 200 979
0:0:0:0:0:0:0:1 - - [21/Jul/2015:14:49:18 -0400] "GET / HTTP/1.1" 404 951
0:0:0:0:0:0:0:1 - - [21/Jul/2015:14:49:48 -0400] "GET /Task_Manager/RegisterUser.html HTTP/1.1" 200 988
0:0:0:0:0:0:0:1 - - [21/Jul/2015:14:49:59 -0400] "GET /Task_Manager/RegisterUser.html HTTP/1.1" 200 988
0:0:0:0:0:0:0:1 - - [21/Jul/2015:14:49:59 -0400] "GET /favicon.ico HTTP/1.1" 404 973
0:0:0:0:0:0:0:1 - - [21/Jul/2015:14:49:59 -0400] "GET /favicon.ico HTTP/1.1" 404 973
0:0:0:0:0:0:0:1 - - [21/Jul/2015:14:50:13 -0400] "GET /Task_Manager/UserRegistrationServlet?first_name=R&last_name=Kelly&email=Yay&password=123&password_confirmation=123&submit=Register HTTP/1.1" 200 31
0:0:0:0:0:0:0:1 - - [21/Jul/2015:14:50:52 -0400] "GET /Task_Manager/FORM.html HTTP/1.1" 404 995
0:0:0:0:0:0:0:1 - - [21/Jul/2015:14:50:57 -0400] "GET /Task_Manager/form.html HTTP/1.1" 200 541
127.0.0.1 - - [21/Jul/2015:15:00:46 -0400] "GET / HTTP/1.1" 404 951
0:0:0:0:0:0:0:1 - - [21/Jul/2015:15:00:47 -0400] "GET /Task_Manager/RegisterUser.html HTTP/1.1" 200 988
0:0:0:0:0:0:0:1 - - [21/Jul/2015:15:00:50 -0400] "GET /Task_Manager/Login.html HTTP/1.1" 404 997
0:0:0:0:0:0:0:1 - - [21/Jul/2015:15:00:59 -0400] "GET /Task_Manager/login.html HTTP/1.1" 200 298
0:0:0:0:0:0:0:1 - - [21/Jul/2015:15:02:04 -0400] "GET /Task_Manager/login.html HTTP/1.1" 304 -
0:0:0:0:0:0:0:1 - - [21/Jul/2015:15:02:11 -0400] "GET /Task_Manager/login.html HTTP/1.1" 304 -
0:0:0:0:0:0:0:1 - - [21/Jul/2015:15:02:17 -0400] "GET /Task_Manager/login.html HTTP/1.1" 200 359
0:0:0:0:0:0:0:1 - - [21/Jul/2015:15:02:20 -0400] "GET /Task_Manager/login.html HTTP/1.1" 200 359
127.0.0.1 - - [21/Jul/2015:15:02:54 -0400] "GET / HTTP/1.1" 404 951
0:0:0:0:0:0:0:1 - - [21/Jul/2015:15:02:59 -0400] "GET /Task_Manager/login.html HTTP/1.1" 200 384
0:0:0:0:0:0:0:1 - - [21/Jul/2015:15:03:17 -0400] "GET /Task_Manager/login.html HTTP/1.1" 304 -
127.0.0.1 - - [21/Jul/2015:15:03:17 -0400] "GET / HTTP/1.1" 404 951
0:0:0:0:0:0:0:1 - - [21/Jul/2015:15:03:19 -0400] "GET /Task_Manager/login.html HTTP/1.1" 304 -
0:0:0:0:0:0:0:1 - - [21/Jul/2015:15:03:24 -0400] "GET /Task_Manager/login.html HTTP/1.1" 200 391
0:0:0:0:0:0:0:1 - - [21/Jul/2015:15:03:42 -0400] "GET /Task_Manager/form.html HTTP/1.1" 200 541
127.0.0.1 - - [21/Jul/2015:15:06:54 -0400] "GET / HTTP/1.1" 404 951
0:0:0:0:0:0:0:1 - - [21/Jul/2015:15:06:58 -0400] "GET /Task_Manager/login.html HTTP/1.1" 200 453
0:0:0:0:0:0:0:1 - - [21/Jul/2015:15:06:59 -0400] "GET /Task_Manager/UserLoginServlet?email=&password=&submit=Login HTTP/1.1" 200 24
127.0.0.1 - - [21/Jul/2015:15:15:12 -0400] "GET / HTTP/1.1" 404 951
0:0:0:0:0:0:0:1 - - [21/Jul/2015:15:15:22 -0400] "GET /Task_Manager/login.html HTTP/1.1" 304 -
0:0:0:0:0:0:0:1 - - [21/Jul/2015:15:15:24 -0400] "GET /Task_Manager/UserLoginServlet?email=&password=&submit=Login HTTP/1.1" 200 71
0:0:0:0:0:0:0:1 - - [21/Jul/2015:15:15:31 -0400] "GET /Task_Manager/UserLoginServlet?email=rt&password=&submit=Login HTTP/1.1" 200 37
127.0.0.1 - - [21/Jul/2015:15:35:12 -0400] "GET / HTTP/1.1" 404 951
0:0:0:0:0:0:0:1 - - [21/Jul/2015:15:35:16 -0400] "GET /Task_Manager/login.html HTTP/1.1" 304 -
0:0:0:0:0:0:0:1 - - [21/Jul/2015:15:35:18 -0400] "GET /Task_Manager/UserLoginServlet?email=&password=&submit=Login HTTP/1.1" 200 71
0:0:0:0:0:0:0:1 - - [21/Jul/2015:15:35:22 -0400] "GET /Task_Manager/UserLoginServlet?email=we&password=we&submit=Login HTTP/1.1" 200 -
0:0:0:0:0:0:0:1 - - [21/Jul/2015:15:35:44 -0400] "GET /Task_Manager/login.html HTTP/1.1" 200 453
0:0:0:0:0:0:0:1 - - [21/Jul/2015:15:35:54 -0400] "GET /Task_Manager/UserLoginServlet?email=1&password=1&submit=Login HTTP/1.1" 200 -
127.0.0.1 - - [21/Jul/2015:15:36:53 -0400] "GET / HTTP/1.1" 404 951
0:0:0:0:0:0:0:1 - - [21/Jul/2015:15:36:56 -0400] "GET /Task_Manager/UserLoginServlet?email=1&password=1&submit=Login HTTP/1.1" 200 -
127.0.0.1 - - [21/Jul/2015:15:37:34 -0400] "GET / HTTP/1.1" 404 951
0:0:0:0:0:0:0:1 - - [21/Jul/2015:15:37:36 -0400] "GET /Task_Manager/login.html HTTP/1.1" 304 -
0:0:0:0:0:0:0:1 - - [21/Jul/2015:15:37:37 -0400] "GET /Task_Manager/login.html HTTP/1.1" 304 -
0:0:0:0:0:0:0:1 - - [21/Jul/2015:15:37:38 -0400] "GET /Task_Manager/login.html HTTP/1.1" 304 -
0:0:0:0:0:0:0:1 - - [21/Jul/2015:15:37:39 -0400] "GET /Task_Manager/login.html HTTP/1.1" 304 -
0:0:0:0:0:0:0:1 - - [21/Jul/2015:15:37:42 -0400] "GET /Task_Manager/UserLoginServlet?email=1&password=1&submit=Login HTTP/1.1" 200 -
127.0.0.1 - - [21/Jul/2015:15:38:20 -0400] "GET / HTTP/1.1" 404 951
0:0:0:0:0:0:0:1 - - [21/Jul/2015:15:38:21 -0400] "GET /Task_Manager/login.html HTTP/1.1" 304 -
0:0:0:0:0:0:0:1 - - [21/Jul/2015:15:38:22 -0400] "GET /Task_Manager/login.html HTTP/1.1" 304 -
0:0:0:0:0:0:0:1 - - [21/Jul/2015:15:38:23 -0400] "GET /Task_Manager/login.html HTTP/1.1" 304 -
0:0:0:0:0:0:0:1 - - [21/Jul/2015:15:38:26 -0400] "GET /Task_Manager/UserLoginServlet?email=1&password=1&submit=Login HTTP/1.1" 200 -
0:0:0:0:0:0:0:1 - - [21/Jul/2015:15:38:30 -0400] "GET /Task_Manager/UserLoginServlet?email=1&password=1&submit=Login HTTP/1.1" 200 -
127.0.0.1 - - [21/Jul/2015:15:38:58 -0400] "GET / HTTP/1.1" 404 951
0:0:0:0:0:0:0:1 - - [21/Jul/2015:15:39:02 -0400] "GET /Task_Manager/login.html HTTP/1.1" 304 -
0:0:0:0:0:0:0:1 - - [21/Jul/2015:15:39:04 -0400] "GET /Task_Manager/UserLoginServlet?email=1&password=1&submit=Login HTTP/1.1" 500 1776
127.0.0.1 - - [21/Jul/2015:15:39:48 -0400] "GET / HTTP/1.1" 404 951
0:0:0:0:0:0:0:1 - - [21/Jul/2015:15:39:52 -0400] "GET /Task_Manager/login.html HTTP/1.1" 304 -
0:0:0:0:0:0:0:1 - - [21/Jul/2015:15:39:54 -0400] "GET /Task_Manager/UserLoginServlet?email=1&password=1&submit=Login HTTP/1.1" 200 40
127.0.0.1 - - [21/Jul/2015:15:40:17 -0400] "GET / HTTP/1.1" 404 951
0:0:0:0:0:0:0:1 - - [21/Jul/2015:15:40:21 -0400] "GET /Task_Manager/UserLoginServlet?email=1&password=1&submit=Login HTTP/1.1" 500 1760
127.0.0.1 - - [21/Jul/2015:15:40:50 -0400] "GET / HTTP/1.1" 404 951
0:0:0:0:0:0:0:1 - - [21/Jul/2015:15:40:52 -0400] "GET /Task_Manager/UserLoginServlet?email=1&password=1&submit=Login HTTP/1.1" 200 -
0:0:0:0:0:0:0:1 - - [21/Jul/2015:15:41:00 -0400] "GET /Task_Manager/UserLoginServlet?email=1&password=1&submit=Login HTTP/1.1" 200 -
127.0.0.1 - - [21/Jul/2015:15:41:06 -0400] "GET / HTTP/1.1" 404 951
0:0:0:0:0:0:0:1 - - [21/Jul/2015:15:41:07 -0400] "GET /Task_Manager/login.html HTTP/1.1" 304 -
0:0:0:0:0:0:0:1 - - [21/Jul/2015:15:41:09 -0400] "GET /Task_Manager/UserLoginServlet?email=1&password=1&submit=Login HTTP/1.1" 200 -
127.0.0.1 - - [21/Jul/2015:15:42:10 -0400] "GET / HTTP/1.1" 404 951
0:0:0:0:0:0:0:1 - - [21/Jul/2015:15:42:14 -0400] "GET /Task_Manager/UserLoginServlet?email=1&password=1&submit=Login HTTP/1.1" 200 40
127.0.0.1 - - [21/Jul/2015:15:54:39 -0400] "GET / HTTP/1.1" 404 951
0:0:0:0:0:0:0:1 - - [21/Jul/2015:15:54:41 -0400] "GET /Task_Manager/UserLoginServlet?email=1&password=1&submit=Login HTTP/1.1" 200 -
127.0.0.1 - - [21/Jul/2015:15:56:23 -0400] "GET / HTTP/1.1" 404 951
0:0:0:0:0:0:0:1 - - [21/Jul/2015:15:56:25 -0400] "GET /Task_Manager/login.html HTTP/1.1" 304 -
0:0:0:0:0:0:0:1 - - [21/Jul/2015:15:56:28 -0400] "GET /Task_Manager/UserLoginServlet?email=1&password=1&submit=Login HTTP/1.1" 200 -
127.0.0.1 - - [21/Jul/2015:15:56:59 -0400] "GET / HTTP/1.1" 404 951
0:0:0:0:0:0:0:1 - - [21/Jul/2015:15:57:23 -0400] "GET /Task_Manager/UserLoginServlet?email=1&password=1&submit=Login HTTP/1.1" 200 -
127.0.0.1 - - [21/Jul/2015:15:58:45 -0400] "GET / HTTP/1.1" 404 951
0:0:0:0:0:0:0:1 - - [21/Jul/2015:15:58:47 -0400] "GET /Task_Manager/UserRegistrationServlet?first_name=R&last_name=Kelly&email=Yay&password=&password_confirmation=&submit=Register HTTP/1.1" 200 87
0:0:0:0:0:0:0:1 - - [21/Jul/2015:15:58:53 -0400] "GET /Task_Manager/UserRegistrationServlet?first_name=R&last_name=Kelly&email=Yay&password=1&password_confirmation=1&submit=Register HTTP/1.1" 200 193
127.0.0.1 - - [21/Jul/2015:15:59:39 -0400] "GET / HTTP/1.1" 404 951
127.0.0.1 - - [21/Jul/2015:15:59:55 -0400] "GET / HTTP/1.1" 404 951
0:0:0:0:0:0:0:1 - - [21/Jul/2015:15:59:59 -0400] "GET /Task_Manager/UserLoginServlet?email=1&password=1&submit=Login HTTP/1.1" 200 156
127.0.0.1 - - [21/Jul/2015:16:02:01 -0400] "GET / HTTP/1.1" 404 951
0:0:0:0:0:0:0:1 - - [21/Jul/2015:16:02:09 -0400] "GET /Task_Manager/UserLoginServlet?email=1&password=1&submit=Login HTTP/1.1" 200 -
0:0:0:0:0:0:0:1 - - [21/Jul/2015:16:02:54 -0400] "GET /Task_Manager/UserLoginServlet?email=1&password=1&submit=Login HTTP/1.1" 200 -
127.0.0.1 - - [21/Jul/2015:16:06:12 -0400] "GET / HTTP/1.1" 404 951
127.0.0.1 - - [21/Jul/2015:16:07:31 -0400] "GET / HTTP/1.1" 404 951
0:0:0:0:0:0:0:1 - - [21/Jul/2015:16:07:41 -0400] "GET /Task_Manager/login.html HTTP/1.1" 304 -
0:0:0:0:0:0:0:1 - - [21/Jul/2015:16:07:44 -0400] "GET /Task_Manager/UserLoginServlet?email=1&password=1&submit=Login HTTP/1.1" 200 107
0:0:0:0:0:0:0:1 - - [21/Jul/2015:16:09:55 -0400] "GET /Task_Manager/UserLoginServlet HTTP/1.1" 200 71
127.0.0.1 - - [21/Jul/2015:16:10:12 -0400] "GET / HTTP/1.1" 404 951
0:0:0:0:0:0:0:1 - - [21/Jul/2015:16:10:13 -0400] "GET /Task_Manager/UserLoginServlet HTTP/1.1" 200 71
127.0.0.1 - - [21/Jul/2015:16:15:30 -0400] "GET / HTTP/1.1" 404 951
127.0.0.1 - - [21/Jul/2015:16:15:30 -0400] "GET /Task_Manager/UserLoginServlet?email=1&password=1&submit=Login HTTP/1.1" 200 -
127.0.0.1 - - [21/Jul/2015:16:15:35 -0400] "GET /Task_Manager/UserLoginServlet?email=1&password=1&submit=Login HTTP/1.1" 200 -
127.0.0.1 - - [21/Jul/2015:16:15:42 -0400] "GET /Task_Manager/login.html HTTP/1.1" 304 -
127.0.0.1 - - [21/Jul/2015:16:15:44 -0400] "GET /Task_Manager/UserLoginServlet?email=1&password=1&submit=Login HTTP/1.1" 200 -
127.0.0.1 - - [21/Jul/2015:16:18:16 -0400] "GET / HTTP/1.1" 404 951
127.0.0.1 - - [21/Jul/2015:16:18:18 -0400] "GET /Task_Manager/UserLoginServlet?email=1&password=1&submit=Login HTTP/1.1" 200 -
127.0.0.1 - - [21/Jul/2015:16:19:53 -0400] "GET / HTTP/1.1" 404 951
127.0.0.1 - - [21/Jul/2015:16:19:55 -0400] "GET /Task_Manager/UserLoginServlet?email=1&password=1&submit=Login HTTP/1.1" 200 -
127.0.0.1 - - [21/Jul/2015:16:19:58 -0400] "GET /Task_Manager/login.html HTTP/1.1" 304 -
127.0.0.1 - - [21/Jul/2015:16:19:59 -0400] "GET /Task_Manager/UserLoginServlet?email=1&password=1&submit=Login HTTP/1.1" 200 -
127.0.0.1 - - [21/Jul/2015:16:20:27 -0400] "GET /Task_Manager/UserLoginServlet?email=1&password=&submit=Login HTTP/1.1" 200 37
127.0.0.1 - - [21/Jul/2015:16:21:17 -0400] "GET / HTTP/1.1" 404 951
127.0.0.1 - - [21/Jul/2015:16:21:22 -0400] "GET /Task_Manager/UserLoginServlet?email=1&password=1&submit=Login HTTP/1.1" 200 -
0:0:0:0:0:0:0:1 - - [21/Jul/2015:16:22:07 -0400] "GET /Task_Manager/login.html HTTP/1.1" 200 453
0:0:0:0:0:0:0:1 - - [21/Jul/2015:16:22:10 -0400] "GET /Task_Manager/UserLoginServlet?email=1&password=1&submit=Login HTTP/1.1" 200 -
127.0.0.1 - - [21/Jul/2015:16:23:02 -0400] "GET / HTTP/1.1" 404 951
127.0.0.1 - - [21/Jul/2015:16:23:04 -0400] "GET /Task_Manager/UserLoginServlet?email=1&password=1&submit=Login HTTP/1.1" 200 -
127.0.0.1 - - [21/Jul/2015:16:31:10 -0400] "GET / HTTP/1.1" 404 951
127.0.0.1 - - [21/Jul/2015:16:31:15 -0400] "GET /Task_Manager/UserLoginServlet?email=1&password=1&submit=Login HTTP/1.1" 200 -
127.0.0.1 - - [21/Jul/2015:16:32:20 -0400] "GET / HTTP/1.1" 404 951
127.0.0.1 - - [21/Jul/2015:16:32:26 -0400] "GET /Task_Manager/UserLoginServlet?email=1&password=1&submit=Login HTTP/1.1" 200 -
127.0.0.1 - - [21/Jul/2015:16:32:30 -0400] "GET /Task_Manager/UserLoginServlet?email=1&password=1&submit=Login HTTP/1.1" 200 -
127.0.0.1 - - [21/Jul/2015:16:51:02 -0400] "GET / HTTP/1.1" 404 951
0:0:0:0:0:0:0:1 - - [21/Jul/2015:16:51:02 -0400] "GET /Task_Manager/UserLoginServlet HTTP/1.1" 200 71
0:0:0:0:0:0:0:1 - - [21/Jul/2015:16:51:18 -0400] "GET /Task_Manager/UserLoginServlet?email=1&password=1&submit=Login HTTP/1.1" 200 -
127.0.0.1 - - [21/Jul/2015:16:52:25 -0400] "GET / HTTP/1.1" 404 951
0:0:0:0:0:0:0:1 - - [21/Jul/2015:16:52:27 -0400] "GET /Task_Manager/UserLoginServlet?email=1&password=1&submit=Login HTTP/1.1" 200 -
127.0.0.1 - - [21/Jul/2015:16:59:50 -0400] "GET / HTTP/1.1" 404 951
0:0:0:0:0:0:0:1 - - [21/Jul/2015:16:59:54 -0400] "GET /Task_Manager/UserLoginServlet?email=1&password=1&submit=Login HTTP/1.1" 200 -
127.0.0.1 - - [21/Jul/2015:17:01:16 -0400] "GET / HTTP/1.1" 404 951
0:0:0:0:0:0:0:1 - - [21/Jul/2015:17:01:20 -0400] "GET /Task_Manager/UserLoginServlet?email=1&password=1&submit=Login HTTP/1.1" 200 -
127.0.0.1 - - [21/Jul/2015:17:02:19 -0400] "GET / HTTP/1.1" 404 951
0:0:0:0:0:0:0:1 - - [21/Jul/2015:17:02:23 -0400] "GET /Task_Manager/UserLoginServlet?email=1&password=1&submit=Login HTTP/1.1" 200 -
0:0:0:0:0:0:0:1 - - [21/Jul/2015:17:02:43 -0400] "GET /Task_Manager/UserLoginServlet?email=5&password=5&submit=Login HTTP/1.1" 200 -
127.0.0.1 - - [21/Jul/2015:17:03:06 -0400] "GET / HTTP/1.1" 404 951
0:0:0:0:0:0:0:1 - - [21/Jul/2015:17:03:09 -0400] "GET /Task_Manager/UserLoginServlet?email=1&password=1&submit=Login HTTP/1.1" 200 -
127.0.0.1 - - [21/Jul/2015:17:03:53 -0400] "GET / HTTP/1.1" 404 951
0:0:0:0:0:0:0:1 - - [21/Jul/2015:17:03:57 -0400] "GET /Task_Manager/UserLoginServlet?email=1&password=1&submit=Login HTTP/1.1" 200 -
0:0:0:0:0:0:0:1 - - [21/Jul/2015:17:05:38 -0400] "GET /Task_Manager/UserLoginServlet?email=1&password=1&submit=Login HTTP/1.1" 200 -
0:0:0:0:0:0:0:1 - - [21/Jul/2015:17:06:08 -0400] "GET /Task_Manager/UserLoginServlet?email=1&password=0&submit=Login HTTP/1.1" 200 -
0:0:0:0:0:0:0:1 - - [21/Jul/2015:17:06:15 -0400] "GET /Task_Manager/UserLoginServlet?email=5&password=0&submit=Login HTTP/1.1" 200 -
0:0:0:0:0:0:0:1 - - [21/Jul/2015:17:06:19 -0400] "GET /Task_Manager/UserLoginServlet?email=5&password=5&submit=Login HTTP/1.1" 200 -
127.0.0.1 - - [21/Jul/2015:17:07:41 -0400] "GET / HTTP/1.1" 404 951
0:0:0:0:0:0:0:1 - - [21/Jul/2015:17:07:41 -0400] "GET /Task_Manager/UserLoginServlet HTTP/1.1" 200 71
0:0:0:0:0:0:0:1 - - [21/Jul/2015:17:07:51 -0400] "GET /Task_Manager/UserLoginServlet?email=1&password=1&submit=Login HTTP/1.1" 200 -
127.0.0.1 - - [21/Jul/2015:17:08:51 -0400] "GET / HTTP/1.1" 404 951
0:0:0:0:0:0:0:1 - - [21/Jul/2015:17:08:53 -0400] "GET /Task_Manager/UserLoginServlet?email=&password=&submit=Login HTTP/1.1" 200 71
0:0:0:0:0:0:0:1 - - [21/Jul/2015:17:08:56 -0400] "GET /Task_Manager/UserLoginServlet?email=1&password=&submit=Login HTTP/1.1" 200 37
127.0.0.1 - - [21/Jul/2015:17:18:21 -0400] "GET / HTTP/1.1" 404 951
0:0:0:0:0:0:0:1 - - [21/Jul/2015:17:18:26 -0400] "GET /Task_Manager/UserLoginServlet?email=1&password=1&submit=Login HTTP/1.1" 200 -
127.0.0.1 - - [21/Jul/2015:17:18:44 -0400] "GET / HTTP/1.1" 404 951
0:0:0:0:0:0:0:1 - - [21/Jul/2015:17:18:46 -0400] "GET /Task_Manager/UserLoginServlet?email=1&password=&submit=Login HTTP/1.1" 200 37
0:0:0:0:0:0:0:1 - - [21/Jul/2015:17:18:49 -0400] "GET /Task_Manager/UserLoginServlet?email=1&password=11&submit=Login HTTP/1.1" 200 -
0:0:0:0:0:0:0:1 - - [21/Jul/2015:17:18:55 -0400] "GET /Task_Manager/UserLoginServlet?email=1&password=1&submit=Login HTTP/1.1" 200 -
127.0.0.1 - - [21/Jul/2015:17:19:40 -0400] "GET / HTTP/1.1" 404 951
0:0:0:0:0:0:0:1 - - [21/Jul/2015:17:19:41 -0400] "GET /Task_Manager/UserLoginServlet HTTP/1.1" 200 71
0:0:0:0:0:0:0:1 - - [21/Jul/2015:17:19:50 -0400] "GET /Task_Manager/UserLoginServlet?email=1&password=2&submit=Login HTTP/1.1" 200 -
0:0:0:0:0:0:0:1 - - [21/Jul/2015:17:19:55 -0400] "GET /Task_Manager/UserLoginServlet?email=1&password=1&submit=Login HTTP/1.1" 200 -
127.0.0.1 - - [21/Jul/2015:17:20:17 -0400] "GET / HTTP/1.1" 404 951
0:0:0:0:0:0:0:1 - - [21/Jul/2015:17:20:21 -0400] "GET /Task_Manager/UserLoginServlet?email=1&password=1&submit=Login HTTP/1.1" 200 -
127.0.0.1 - - [21/Jul/2015:17:20:47 -0400] "GET / HTTP/1.1" 404 951
0:0:0:0:0:0:0:1 - - [21/Jul/2015:17:20:50 -0400] "GET /Task_Manager/UserLoginServlet?email=1&password=1&submit=Login HTTP/1.1" 200 -
127.0.0.1 - - [21/Jul/2015:17:21:37 -0400] "GET / HTTP/1.1" 404 951
0:0:0:0:0:0:0:1 - - [21/Jul/2015:17:21:40 -0400] "GET /Task_Manager/UserLoginServlet?email=1&password=1&submit=Login HTTP/1.1" 200 -
127.0.0.1 - - [21/Jul/2015:17:25:20 -0400] "GET / HTTP/1.1" 404 951
0:0:0:0:0:0:0:1 - - [21/Jul/2015:17:25:23 -0400] "GET /Task_Manager/UserLoginServlet?email=1&password=5&submit=Login HTTP/1.1" 200 -
0:0:0:0:0:0:0:1 - - [21/Jul/2015:17:25:32 -0400] "GET /Task_Manager/UserLoginServlet?email=1&password=1&submit=Login HTTP/1.1" 200 -
0:0:0:0:0:0:0:1 - - [21/Jul/2015:17:25:36 -0400] "GET /Task_Manager/UserLoginServlet?email=1&password=1&submit=Login HTTP/1.1" 200 -
127.0.0.1 - - [21/Jul/2015:17:25:59 -0400] "GET / HTTP/1.1" 404 951
0:0:0:0:0:0:0:1 - - [21/Jul/2015:17:26:00 -0400] "GET /Task_Manager/UserLoginServlet HTTP/1.1" 200 71
0:0:0:0:0:0:0:1 - - [21/Jul/2015:17:26:07 -0400] "GET /Task_Manager/UserLoginServlet?email=1&password=1&submit=Login HTTP/1.1" 200 -
127.0.0.1 - - [21/Jul/2015:17:26:45 -0400] "GET / HTTP/1.1" 404 951
0:0:0:0:0:0:0:1 - - [21/Jul/2015:17:27:06 -0400] "GET /Task_Manager/UserLoginServlet?email=1&password=1&submit=Login HTTP/1.1" 200 -
0:0:0:0:0:0:0:1 - - [21/Jul/2015:17:27:11 -0400] "GET /Task_Manager/UserLoginServlet?email=1&password=2&submit=Login HTTP/1.1" 200 -
0:0:0:0:0:0:0:1 - - [21/Jul/2015:17:27:15 -0400] "GET /Task_Manager/UserLoginServlet?email=1&password=5&submit=Login HTTP/1.1" 200 -
127.0.0.1 - - [21/Jul/2015:17:28:29 -0400] "GET / HTTP/1.1" 404 951
0:0:0:0:0:0:0:1 - - [21/Jul/2015:17:28:30 -0400] "GET /Task_Manager/UserLoginServlet HTTP/1.1" 200 71
0:0:0:0:0:0:0:1 - - [21/Jul/2015:17:28:41 -0400] "GET /Task_Manager/UserLoginServlet?email=1&password=1&submit=Login HTTP/1.1" 200 -
127.0.0.1 - - [21/Jul/2015:17:32:35 -0400] "GET / HTTP/1.1" 404 951
0:0:0:0:0:0:0:1 - - [21/Jul/2015:17:32:42 -0400] "GET /Task_Manager/UserLoginServlet?email=1&password=1&submit=Login HTTP/1.1" 200 -
127.0.0.1 - - [21/Jul/2015:17:34:04 -0400] "GET / HTTP/1.1" 404 951
0:0:0:0:0:0:0:1 - - [21/Jul/2015:17:34:08 -0400] "GET /Task_Manager/UserLoginServlet?email=1&password=1&submit=Login HTTP/1.1" 200 -
127.0.0.1 - - [21/Jul/2015:17:34:43 -0400] "GET / HTTP/1.1" 404 951
0:0:0:0:0:0:0:1 - - [21/Jul/2015:17:34:48 -0400] "GET /Task_Manager/UserLoginServlet?email=1&password=1&submit=Login HTTP/1.1" 200 -
127.0.0.1 - - [21/Jul/2015:17:37:58 -0400] "GET / HTTP/1.1" 404 951
0:0:0:0:0:0:0:1 - - [21/Jul/2015:17:38:16 -0400] "GET /Task_Manager/UserLoginServlet?email=1&password=1&submit=Login HTTP/1.1" 500 1767
127.0.0.1 - - [21/Jul/2015:17:38:36 -0400] "GET / HTTP/1.1" 404 951
0:0:0:0:0:0:0:1 - - [21/Jul/2015:17:38:40 -0400] "GET /Task_Manager/UserLoginServlet?email=1&password=1&submit=Login HTTP/1.1" 200 -
0:0:0:0:0:0:0:1 - - [21/Jul/2015:17:38:47 -0400] "GET /Task_Manager/UserLoginServlet?email=1&password=1&submit=Login HTTP/1.1" 200 -
127.0.0.1 - - [21/Jul/2015:17:39:09 -0400] "GET / HTTP/1.1" 404 951
0:0:0:0:0:0:0:1 - - [21/Jul/2015:17:39:11 -0400] "GET /Task_Manager/UserLoginServlet?email=1&password=1&submit=Login HTTP/1.1" 200 -
127.0.0.1 - - [21/Jul/2015:17:42:26 -0400] "GET / HTTP/1.1" 404 951
0:0:0:0:0:0:0:1 - - [21/Jul/2015:17:42:31 -0400] "GET /Task_Manager/UserLoginServlet?email=1&password=1&submit=Login HTTP/1.1" 200 -
127.0.0.1 - - [21/Jul/2015:17:42:47 -0400] "GET / HTTP/1.1" 404 951
0:0:0:0:0:0:0:1 - - [21/Jul/2015:17:42:54 -0400] "GET /Task_Manager/UserLoginServlet?email=1&password=1&submit=Login HTTP/1.1" 200 -
127.0.0.1 - - [21/Jul/2015:17:44:54 -0400] "GET / HTTP/1.1" 404 951
0:0:0:0:0:0:0:1 - - [21/Jul/2015:17:44:58 -0400] "GET /Task_Manager/UserLoginServlet?email=1&password=1&submit=Login HTTP/1.1" 200 -
127.0.0.1 - - [21/Jul/2015:17:55:08 -0400] "GET / HTTP/1.1" 404 951
0:0:0:0:0:0:0:1 - - [21/Jul/2015:17:55:14 -0400] "GET /Task_Manager/UserLoginServlet?email=1&password=5&submit=Login HTTP/1.1" 200 -
127.0.0.1 - - [21/Jul/2015:17:56:53 -0400] "GET / HTTP/1.1" 404 951
0:0:0:0:0:0:0:1 - - [21/Jul/2015:17:56:59 -0400] "GET /Task_Manager/UserLoginServlet?email=1&password=5&submit=Login HTTP/1.1" 200 -
127.0.0.1 - - [21/Jul/2015:17:58:10 -0400] "GET / HTTP/1.1" 404 951
0:0:0:0:0:0:0:1 - - [21/Jul/2015:17:58:15 -0400] "GET /Task_Manager/UserLoginServlet?email=1&password=1&submit=Login HTTP/1.1" 200 -
0:0:0:0:0:0:0:1 - - [21/Jul/2015:17:58:21 -0400] "GET /Task_Manager/UserLoginServlet?email=1&password=5&submit=Login HTTP/1.1" 200 -
127.0.0.1 - - [21/Jul/2015:17:58:44 -0400] "GET / HTTP/1.1" 404 951
0:0:0:0:0:0:0:1 - - [21/Jul/2015:17:58:49 -0400] "GET /Task_Manager/UserLoginServlet?email=1&password=5&submit=Login HTTP/1.1" 200 9
127.0.0.1 - - [21/Jul/2015:18:00:03 -0400] "GET / HTTP/1.1" 404 951
0:0:0:0:0:0:0:1 - - [21/Jul/2015:18:00:33 -0400] "GET /Task_Manager/UserLoginServlet?email=5&password=5&submit=Login HTTP/1.1" 200 -
127.0.0.1 - - [21/Jul/2015:18:01:37 -0400] "GET / HTTP/1.1" 404 951
0:0:0:0:0:0:0:1 - - [21/Jul/2015:18:01:42 -0400] "GET /Task_Manager/UserLoginServlet?email=5&password=5&submit=Login HTTP/1.1" 200 17
127.0.0.1 - - [21/Jul/2015:18:02:05 -0400] "GET /Task_Manager/UserRegistrationServlet?first_name=First&last_name=Last&email=Email&password=Password&password_confirmation=Password&submit=Register HTTP/1.1" 200 31
127.0.0.1 - - [21/Jul/2015:18:02:21 -0400] "GET /Task_Manager/UserRegistration.html HTTP/1.1" 404 1019
127.0.0.1 - - [21/Jul/2015:18:02:40 -0400] "GET /Task_Manager/RegisterUser.html HTTP/1.1" 200 983
0:0:0:0:0:0:0:1 - - [21/Jul/2015:18:02:57 -0400] "GET /Task_Manager/UserLoginServlet?email=Email&password=Password&submit=Login HTTP/1.1" 200 21
127.0.0.1 - - [21/Jul/2015:21:20:14 -0400] "GET / HTTP/1.1" 404 951
0:0:0:0:0:0:0:1 - - [21/Jul/2015:21:20:20 -0400] "GET /Task_Manager/UserLoginServlet?email=Email&password=f&submit=Login HTTP/1.1" 200 -
0:0:0:0:0:0:0:1 - - [21/Jul/2015:21:20:27 -0400] "GET /Task_Manager/UserLoginServlet?email=Email&password=dfdf&submit=Login HTTP/1.1" 200 -
127.0.0.1 - - [21/Jul/2015:21:20:47 -0400] "GET / HTTP/1.1" 404 951
0:0:0:0:0:0:0:1 - - [21/Jul/2015:21:20:49 -0400] "GET /Task_Manager/UserLoginServlet?email=&password=d&submit=Login HTTP/1.1" 200 34
0:0:0:0:0:0:0:1 - - [21/Jul/2015:21:20:52 -0400] "GET /Task_Manager/UserLoginServlet?email=dfd&password=df&submit=Login HTTP/1.1" 200 -
0:0:0:0:0:0:0:1 - - [21/Jul/2015:21:21:34 -0400] "GET /Task_Manager/UserLoginServlet?email=1&password=5&submit=Login HTTP/1.1" 200 -
0:0:0:0:0:0:0:1 - - [21/Jul/2015:21:21:47 -0400] "GET /Task_Manager/UserLoginServlet?email=1&password=1&submit=Login HTTP/1.1" 200 17
0:0:0:0:0:0:0:1 - - [21/Jul/2015:21:21:54 -0400] "GET /Task_Manager/UserLoginServlet?email=1&password=5&submit=Login HTTP/1.1" 200 -
0:0:0:0:0:0:0:1 - - [21/Jul/2015:21:22:15 -0400] "GET /Task_Manager/UserLoginServlet?email=email&password=password&submit=Login HTTP/1.1" 200 -
0:0:0:0:0:0:0:1 - - [21/Jul/2015:21:22:24 -0400] "GET /Task_Manager/UserLoginServlet?email=Email&password=Password&submit=Login HTTP/1.1" 200 21
0:0:0:0:0:0:0:1 - - [21/Jul/2015:21:23:49 -0400] "GET /Task_Manager/UserLoginServlet?email=1&password=1&submit=Login HTTP/1.1" 200 17
0:0:0:0:0:0:0:1 - - [21/Jul/2015:21:23:54 -0400] "GET /Task_Manager/UserLoginServlet?email=5&password=5&submit=Login HTTP/1.1" 200 17
0:0:0:0:0:0:0:1 - - [21/Jul/2015:21:23:57 -0400] "GET /Task_Manager/UserLoginServlet?email=5&password=&submit=Login HTTP/1.1" 200 37
0:0:0:0:0:0:0:1 - - [21/Jul/2015:21:23:59 -0400] "GET /Task_Manager/UserLoginServlet?email=5&password=6&submit=Login HTTP/1.1" 200 -
127.0.0.1 - - [21/Jul/2015:21:29:16 -0400] "GET / HTTP/1.1" 404 951
0:0:0:0:0:0:0:1 - - [21/Jul/2015:21:29:21 -0400] "GET /Task_Manager/UserLoginServlet?email=5&password=4&submit=Login HTTP/1.1" 200 5
0:0:0:0:0:0:0:1 - - [21/Jul/2015:21:29:24 -0400] "GET /Task_Manager/UserLoginServlet?email=5&password=45&submit=Login HTTP/1.1" 200 5
0:0:0:0:0:0:0:1 - - [21/Jul/2015:21:29:29 -0400] "GET /Task_Manager/UserLoginServlet?email=5&password=dick&submit=Login HTTP/1.1" 200 5
0:0:0:0:0:0:0:1 - - [21/Jul/2015:21:29:37 -0400] "GET /Task_Manager/UserLoginServlet?email=5&password=5&submit=Login HTTP/1.1" 200 17
127.0.0.1 - - [21/Jul/2015:21:29:59 -0400] "GET / HTTP/1.1" 404 951
0:0:0:0:0:0:0:1 - - [21/Jul/2015:21:30:04 -0400] "GET /Task_Manager/UserLoginServlet?email=5&password=5&submit=Login HTTP/1.1" 200 17
0:0:0:0:0:0:0:1 - - [21/Jul/2015:21:30:06 -0400] "GET /Task_Manager/UserLoginServlet?email=5&password=4&submit=Login HTTP/1.1" 200 58
127.0.0.1 - - [21/Jul/2015:21:44:14 -0400] "GET / HTTP/1.1" 404 951
127.0.0.1 - - [21/Jul/2015:21:45:01 -0400] "GET / HTTP/1.1" 404 951
127.0.0.1 - - [21/Jul/2015:21:45:47 -0400] "GET / HTTP/1.1" 404 951
0:0:0:0:0:0:0:1 - - [21/Jul/2015:21:46:14 -0400] "GET /Task_Manager/index.jsp HTTP/1.1" 200 360
0:0:0:0:0:0:0:1 - - [21/Jul/2015:21:46:16 -0400] "GET /Task_Manager/index.jsp HTTP/1.1" 200 360
0:0:0:0:0:0:0:1 - - [21/Jul/2015:21:46:59 -0400] "GET /Task_Manager HTTP/1.1" 302 -
0:0:0:0:0:0:0:1 - - [21/Jul/2015:21:46:59 -0400] "GET /Task_Manager/ HTTP/1.1" 200 360
0:0:0:0:0:0:0:1 - - [21/Jul/2015:21:47:01 -0400] "GET /Task_Manager/ HTTP/1.1" 200 360
0:0:0:0:0:0:0:1 - - [21/Jul/2015:21:48:41 -0400] "GET /Task_Manager/ HTTP/1.1" 200 360
0:0:0:0:0:0:0:1 - - [21/Jul/2015:21:48:44 -0400] "GET /Task_Manager/ HTTP/1.1" 200 360
0:0:0:0:0:0:0:1 - - [21/Jul/2015:21:48:44 -0400] "GET /Task_Manager/ HTTP/1.1" 200 360
0:0:0:0:0:0:0:1 - - [21/Jul/2015:21:48:45 -0400] "GET /Task_Manager/ HTTP/1.1" 200 360
0:0:0:0:0:0:0:1 - - [21/Jul/2015:22:07:58 -0400] "GET /Task_Manager/ HTTP/1.1" 500 2852
127.0.0.1 - - [21/Jul/2015:22:08:33 -0400] "GET / HTTP/1.1" 404 951
0:0:0:0:0:0:0:1 - - [21/Jul/2015:22:08:35 -0400] "GET /Task_Manager/ HTTP/1.1" 500 2855
127.0.0.1 - - [21/Jul/2015:22:10:08 -0400] "GET / HTTP/1.1" 404 951
0:0:0:0:0:0:0:1 - - [21/Jul/2015:22:10:10 -0400] "GET /Task_Manager/ HTTP/1.1" 200 612
0:0:0:0:0:0:0:1 - - [21/Jul/2015:22:10:10 -0400] "GET /Task_Manager/javascript/basic.js HTTP/1.1" 200 13
0:0:0:0:0:0:0:1 - - [21/Jul/2015:22:10:10 -0400] "GET /Task_Manager/css/basic.css HTTP/1.1" 200 17
0:0:0:0:0:0:0:1 - - [21/Jul/2015:22:10:10 -0400] "GET /Task_Manager/javascript/jquery-2.1.4.js HTTP/1.1" 200 247597
0:0:0:0:0:0:0:1 - - [21/Jul/2015:22:10:16 -0400] "GET /Task_Manager/?username= HTTP/1.1" 200 612
0:0:0:0:0:0:0:1 - - [21/Jul/2015:22:12:46 -0400] "GET /Task_Manager/?username= HTTP/1.1" 500 3310
127.0.0.1 - - [21/Jul/2015:22:12:56 -0400] "GET / HTTP/1.1" 404 951
0:0:0:0:0:0:0:1 - - [21/Jul/2015:22:12:59 -0400] "GET /Task_Manager/ HTTP/1.1" 200 632
0:0:0:0:0:0:0:1 - - [21/Jul/2015:22:12:59 -0400] "GET /Task_Manager/javascript/jquery-2.1.4.js HTTP/1.1" 304 -
0:0:0:0:0:0:0:1 - - [21/Jul/2015:22:12:59 -0400] "GET /Task_Manager/javascript/basic.js HTTP/1.1" 304 -
0:0:0:0:0:0:0:1 - - [21/Jul/2015:22:12:59 -0400] "GET /Task_Manager/css/basic.css HTTP/1.1" 200 199
127.0.0.1 - - [21/Jul/2015:22:19:48 -0400] "GET / HTTP/1.1" 404 951
0:0:0:0:0:0:0:1 - - [21/Jul/2015:22:20:07 -0400] "GET /Task_Manager/?username= HTTP/1.1" 200 632
0:0:0:0:0:0:0:1 - - [21/Jul/2015:22:20:08 -0400] "GET /Task_Manager/?username= HTTP/1.1" 200 632
0:0:0:0:0:0:0:1 - - [21/Jul/2015:22:20:10 -0400] "GET /Task_Manager/?username= HTTP/1.1" 200 632
0:0:0:0:0:0:0:1 - - [21/Jul/2015:22:20:13 -0400] "GET /Task_Manager/?username=dfd HTTP/1.1" 200 632
0:0:0:0:0:0:0:1 - - [21/Jul/2015:22:20:20 -0400] "GET /Task_Manager/?username=dfdfd HTTP/1.1" 200 632
0:0:0:0:0:0:0:1 - - [21/Jul/2015:22:20:31 -0400] "GET /Task_Manager/?username=ere HTTP/1.1" 200 632
127.0.0.1 - - [21/Jul/2015:22:20:46 -0400] "GET / HTTP/1.1" 404 951
0:0:0:0:0:0:0:1 - - [21/Jul/2015:22:20:52 -0400] "GET /Task_Manager HTTP/1.1" 302 -
0:0:0:0:0:0:0:1 - - [21/Jul/2015:22:20:53 -0400] "GET /Task_Manager/ HTTP/1.1" 200 632
0:0:0:0:0:0:0:1 - - [21/Jul/2015:22:20:55 -0400] "GET /Task_Manager/?username=wew HTTP/1.1" 200 632
127.0.0.1 - - [21/Jul/2015:22:37:16 -0400] "GET / HTTP/1.1" 404 951
0:0:0:0:0:0:0:1 - - [21/Jul/2015:22:37:37 -0400] "GET /Task_Manager/?username=y HTTP/1.1" 200 632
127.0.0.1 - - [21/Jul/2015:22:38:06 -0400] "GET / HTTP/1.1" 404 951
0:0:0:0:0:0:0:1 - - [21/Jul/2015:22:38:21 -0400] "GET /Task_Manager/ HTTP/1.1" 200 632
0:0:0:0:0:0:0:1 - - [21/Jul/2015:22:38:26 -0400] "GET /Task_Manager/?username= HTTP/1.1" 200 632
0:0:0:0:0:0:0:1 - - [21/Jul/2015:22:38:27 -0400] "GET /Task_Manager/?username= HTTP/1.1" 200 632
0:0:0:0:0:0:0:1 - - [21/Jul/2015:22:38:43 -0400] "GET /Task_Manager/ HTTP/1.1" 200 632
0:0:0:0:0:0:0:1 - - [21/Jul/2015:22:38:43 -0400] "GET /Task_Manager/javascript/jquery-2.1.4.js HTTP/1.1" 304 -
0:0:0:0:0:0:0:1 - - [21/Jul/2015:22:38:43 -0400] "GET /Task_Manager/javascript/basic.js HTTP/1.1" 200 472
0:0:0:0:0:0:0:1 - - [21/Jul/2015:22:38:43 -0400] "GET /Task_Manager/css/basic.css HTTP/1.1" 304 -
0:0:0:0:0:0:0:1 - - [21/Jul/2015:22:38:45 -0400] "GET /Task_Manager/?username= HTTP/1.1" 200 632
0:0:0:0:0:0:0:1 - - [21/Jul/2015:22:40:14 -0400] "GET /Task_Manager/index.jsp HTTP/1.1" 200 632
0:0:0:0:0:0:0:1 - - [21/Jul/2015:22:40:16 -0400] "GET /Task_Manager/index.jsp?username= HTTP/1.1" 200 632
0:0:0:0:0:0:0:1 - - [21/Jul/2015:22:40:17 -0400] "GET /Task_Manager/index.jsp?username= HTTP/1.1" 200 632
0:0:0:0:0:0:0:1 - - [21/Jul/2015:22:40:17 -0400] "GET /Task_Manager/index.jsp?username= HTTP/1.1" 200 632
0:0:0:0:0:0:0:1 - - [21/Jul/2015:22:40:17 -0400] "GET /Task_Manager/index.jsp?username= HTTP/1.1" 200 632
0:0:0:0:0:0:0:1 - - [21/Jul/2015:22:40:18 -0400] "GET /Task_Manager/index.jsp?username= HTTP/1.1" 200 632
0:0:0:0:0:0:0:1 - - [21/Jul/2015:22:40:19 -0400] "GET /Task_Manager/index.jsp?username= HTTP/1.1" 200 632
0:0:0:0:0:0:0:1 - - [21/Jul/2015:22:40:20 -0400] "GET /Task_Manager/index.jsp?username=0 HTTP/1.1" 200 632
0:0:0:0:0:0:0:1 - - [21/Jul/2015:22:41:13 -0400] "GET /Task_Manager/update HTTP/1.1" 200 -
0:0:0:0:0:0:0:1 - - [21/Jul/2015:22:41:48 -0400] "GET /Task_Manager/index.jsp?username=0 HTTP/1.1" 200 632
0:0:0:0:0:0:0:1 - - [21/Jul/2015:22:41:48 -0400] "GET /Task_Manager/javascript/jquery-2.1.4.js HTTP/1.1" 304 -
0:0:0:0:0:0:0:1 - - [21/Jul/2015:22:41:48 -0400] "GET /Task_Manager/css/basic.css HTTP/1.1" 304 -
0:0:0:0:0:0:0:1 - - [21/Jul/2015:22:41:48 -0400] "GET /Task_Manager/javascript/basic.js HTTP/1.1" 304 -
0:0:0:0:0:0:0:1 - - [21/Jul/2015:22:41:50 -0400] "GET /Task_Manager/index.jsp?username= HTTP/1.1" 200 632
0:0:0:0:0:0:0:1 - - [21/Jul/2015:22:41:50 -0400] "GET /Task_Manager/index.jsp?username= HTTP/1.1" 200 632
0:0:0:0:0:0:0:1 - - [21/Jul/2015:22:41:51 -0400] "GET /Task_Manager/index.jsp?username= HTTP/1.1" 200 632
0:0:0:0:0:0:0:1 - - [21/Jul/2015:22:41:53 -0400] "GET /Task_Manager/index.jsp?username=klkl HTTP/1.1" 200 632
0:0:0:0:0:0:0:1 - - [21/Jul/2015:22:45:35 -0400] "GET /Task_Manager/index.jsp?username= HTTP/1.1" 200 630
0:0:0:0:0:0:0:1 - - [21/Jul/2015:22:45:35 -0400] "GET /Task_Manager/index.jsp?username= HTTP/1.1" 200 630
0:0:0:0:0:0:0:1 - - [21/Jul/2015:22:45:36 -0400] "GET /Task_Manager/index.jsp?username= HTTP/1.1" 200 630
127.0.0.1 - - [21/Jul/2015:22:45:40 -0400] "GET / HTTP/1.1" 404 951
0:0:0:0:0:0:0:1 - - [21/Jul/2015:22:45:42 -0400] "GET /Task_Manager/index.jsp?username= HTTP/1.1" 200 630
0:0:0:0:0:0:0:1 - - [21/Jul/2015:22:45:42 -0400] "GET /Task_Manager/index.jsp?username= HTTP/1.1" 200 630
0:0:0:0:0:0:0:1 - - [21/Jul/2015:22:45:43 -0400] "GET /Task_Manager/index.jsp?username=df HTTP/1.1" 200 630
0:0:0:0:0:0:0:1 - - [21/Jul/2015:22:46:18 -0400] "GET /Task_Manager/index.jsp?username= HTTP/1.1" 200 630
0:0:0:0:0:0:0:1 - - [21/Jul/2015:22:46:20 -0400] "GET /Task_Manager/index.jsp?username=er HTTP/1.1" 200 630
127.0.0.1 - - [21/Jul/2015:22:46:25 -0400] "GET / HTTP/1.1" 404 951
0:0:0:0:0:0:0:1 - - [21/Jul/2015:22:46:31 -0400] "GET /Task_Manager/index.jsp?username=er HTTP/1.1" 200 630
0:0:0:0:0:0:0:1 - - [21/Jul/2015:22:46:31 -0400] "GET /Task_Manager/javascript/jquery-2.1.4.js HTTP/1.1" 304 -
0:0:0:0:0:0:0:1 - - [21/Jul/2015:22:46:31 -0400] "GET /Task_Manager/css/basic.css HTTP/1.1" 304 -
0:0:0:0:0:0:0:1 - - [21/Jul/2015:22:46:31 -0400] "GET /Task_Manager/javascript/basic.js HTTP/1.1" 200 472
0:0:0:0:0:0:0:1 - - [21/Jul/2015:22:46:34 -0400] "GET /Task_Manager/index.jsp?username=er HTTP/1.1" 200 630
0:0:0:0:0:0:0:1 - - [21/Jul/2015:22:46:35 -0400] "GET /Task_Manager/javascript/jquery-2.1.4.js HTTP/1.1" 304 -
0:0:0:0:0:0:0:1 - - [21/Jul/2015:22:46:35 -0400] "GET /Task_Manager/javascript/basic.js HTTP/1.1" 304 -
0:0:0:0:0:0:0:1 - - [21/Jul/2015:22:46:35 -0400] "GET /Task_Manager/css/basic.css HTTP/1.1" 304 -
0:0:0:0:0:0:0:1 - - [21/Jul/2015:22:46:36 -0400] "GET /Task_Manager/index.jsp HTTP/1.1" 200 630
0:0:0:0:0:0:0:1 - - [21/Jul/2015:22:46:37 -0400] "GET /Task_Manager/index.jsp HTTP/1.1" 200 630
0:0:0:0:0:0:0:1 - - [21/Jul/2015:22:46:37 -0400] "GET /Task_Manager/javascript/jquery-2.1.4.js HTTP/1.1" 304 -
0:0:0:0:0:0:0:1 - - [21/Jul/2015:22:46:37 -0400] "GET /Task_Manager/javascript/basic.js HTTP/1.1" 304 -
0:0:0:0:0:0:0:1 - - [21/Jul/2015:22:46:37 -0400] "GET /Task_Manager/css/basic.css HTTP/1.1" 304 -
0:0:0:0:0:0:0:1 - - [21/Jul/2015:22:46:37 -0400] "POST /Task_Manager/update HTTP/1.1" 200 17
0:0:0:0:0:0:0:1 - - [21/Jul/2015:22:46:40 -0400] "POST /Task_Manager/update HTTP/1.1" 200 32
0:0:0:0:0:0:0:1 - - [21/Jul/2015:22:46:46 -0400] "POST /Task_Manager/update HTTP/1.1" 200 33
127.0.0.1 - - [21/Jul/2015:22:47:31 -0400] "GET / HTTP/1.1" 404 951
0:0:0:0:0:0:0:1 - - [21/Jul/2015:22:47:42 -0400] "GET /Task_Manager/index.jsp HTTP/1.1" 200 630
0:0:0:0:0:0:0:1 - - [21/Jul/2015:22:47:44 -0400] "POST /Task_Manager/update HTTP/1.1" 200 17
0:0:0:0:0:0:0:1 - - [21/Jul/2015:22:47:47 -0400] "POST /Task_Manager/update HTTP/1.1" 200 34
0:0:0:0:0:0:0:1 - - [21/Jul/2015:22:48:56 -0400] "GET /Task_Manager/index.jsp HTTP/1.1" 200 630
0:0:0:0:0:0:0:1 - - [21/Jul/2015:22:48:56 -0400] "GET /Task_Manager/javascript/basic.js HTTP/1.1" 304 -
0:0:0:0:0:0:0:1 - - [21/Jul/2015:22:48:56 -0400] "GET /Task_Manager/javascript/jquery-2.1.4.js HTTP/1.1" 304 -
0:0:0:0:0:0:0:1 - - [21/Jul/2015:22:48:56 -0400] "GET /Task_Manager/css/basic.css HTTP/1.1" 304 -
0:0:0:0:0:0:0:1 - - [21/Jul/2015:22:49:15 -0400] "GET /Task_Manager/index.jsp HTTP/1.1" 200 630
0:0:0:0:0:0:0:1 - - [21/Jul/2015:22:49:33 -0400] "GET /Task_Manager/index.jsp HTTP/1.1" 200 630
0:0:0:0:0:0:0:1 - - [21/Jul/2015:22:49:33 -0400] "GET /Task_Manager/javascript/jquery-2.1.4.js HTTP/1.1" 304 -
0:0:0:0:0:0:0:1 - - [21/Jul/2015:22:49:33 -0400] "GET /Task_Manager/javascript/basic.js HTTP/1.1" 304 -
0:0:0:0:0:0:0:1 - - [21/Jul/2015:22:49:33 -0400] "GET /Task_Manager/css/basic.css HTTP/1.1" 200 199
0:0:0:0:0:0:0:1 - - [21/Jul/2015:22:49:38 -0400] "POST /Task_Manager/update HTTP/1.1" 200 34
0:0:0:0:0:0:0:1 - - [21/Jul/2015:22:52:11 -0400] "GET /Task_Manager/index2.jsp HTTP/1.1" 200 630
0:0:0:0:0:0:0:1 - - [21/Jul/2015:22:53:38 -0400] "GET /Task_Manager/index.jsp HTTP/1.1" 500 3310
0:0:0:0:0:0:0:1 - - [21/Jul/2015:22:53:49 -0400] "GET /Task_Manager/index2.jsp HTTP/1.1" 200 630
0:0:0:0:0:0:0:1 - - [21/Jul/2015:22:54:19 -0400] "GET /Task_Manager/index2.jsp HTTP/1.1" 200 630
0:0:0:0:0:0:0:1 - - [21/Jul/2015:22:54:19 -0400] "GET /Task_Manager/javascript/jquery-2.1.4.js HTTP/1.1" 304 -
0:0:0:0:0:0:0:1 - - [21/Jul/2015:22:54:19 -0400] "GET /Task_Manager/css/basic.css HTTP/1.1" 304 -
0:0:0:0:0:0:0:1 - - [21/Jul/2015:22:54:19 -0400] "GET /Task_Manager/javascript/basic.js HTTP/1.1" 304 -
0:0:0:0:0:0:0:1 - - [21/Jul/2015:22:54:23 -0400] "GET /Task_Manager/index.jsp HTTP/1.1" 200 328
0:0:0:0:0:0:0:1 - - [21/Jul/2015:22:54:25 -0400] "GET /Task_Manager/login.html HTTP/1.1" 200 453
0:0:0:0:0:0:0:1 - - [21/Jul/2015:22:54:42 -0400] "GET /Task_Manager/index.jsp HTTP/1.1" 200 330
0:0:0:0:0:0:0:1 - - [21/Jul/2015:22:54:42 -0400] "GET /Task_Manager/javascript/jquery-2.1.4.js HTTP/1.1" 304 -
0:0:0:0:0:0:0:1 - - [21/Jul/2015:22:54:42 -0400] "GET /Task_Manager/javascript/basic.js HTTP/1.1" 304 -
0:0:0:0:0:0:0:1 - - [21/Jul/2015:22:54:42 -0400] "GET /Task_Manager/css/basic.css HTTP/1.1" 304 -
0:0:0:0:0:0:0:1 - - [21/Jul/2015:22:55:28 -0400] "GET /Task_Manager/index.jsp HTTP/1.1" 200 377
0:0:0:0:0:0:0:1 - - [21/Jul/2015:22:55:28 -0400] "GET /Task_Manager/javascript/jquery-2.1.4.js HTTP/1.1" 304 -
0:0:0:0:0:0:0:1 - - [21/Jul/2015:22:55:28 -0400] "GET /Task_Manager/css/basic.css HTTP/1.1" 304 -
0:0:0:0:0:0:0:1 - - [21/Jul/2015:22:55:28 -0400] "GET /Task_Manager/javascript/basic.js HTTP/1.1" 304 -
0:0:0:0:0:0:0:1 - - [21/Jul/2015:22:56:18 -0400] "GET /Task_Manager/index.jsp HTTP/1.1" 200 462
0:0:0:0:0:0:0:1 - - [21/Jul/2015:22:56:18 -0400] "GET /Task_Manager/javascript/jquery-2.1.4.js HTTP/1.1" 304 -
0:0:0:0:0:0:0:1 - - [21/Jul/2015:22:56:18 -0400] "GET /Task_Manager/css/basic.css HTTP/1.1" 304 -
0:0:0:0:0:0:0:1 - - [21/Jul/2015:22:56:18 -0400] "GET /Task_Manager/javascript/basic.js HTTP/1.1" 304 -
0:0:0:0:0:0:0:1 - - [21/Jul/2015:22:56:19 -0400] "GET /Task_Manager/RegisterUser.html HTTP/1.1" 200 983
0:0:0:0:0:0:0:1 - - [21/Jul/2015:22:56:25 -0400] "GET /Task_Manager/form.html HTTP/1.1" 304 -
0:0:0:0:0:0:0:1 - - [21/Jul/2015:22:59:29 -0400] "GET /Task_Manager/index.jsp HTTP/1.1" 200 546
0:0:0:0:0:0:0:1 - - [21/Jul/2015:22:59:29 -0400] "GET /Task_Manager/javascript/jquery-2.1.4.js HTTP/1.1" 304 -
0:0:0:0:0:0:0:1 - - [21/Jul/2015:22:59:29 -0400] "GET /Task_Manager/javascript/basic.js HTTP/1.1" 304 -
0:0:0:0:0:0:0:1 - - [21/Jul/2015:22:59:29 -0400] "GET /Task_Manager/css/basic.css HTTP/1.1" 304 -
0:0:0:0:0:0:0:1 - - [21/Jul/2015:23:00:25 -0400] "GET /Task_Manager/index.jsp HTTP/1.1" 200 598
0:0:0:0:0:0:0:1 - - [21/Jul/2015:23:00:25 -0400] "GET /Task_Manager/javascript/jquery-2.1.4.js HTTP/1.1" 304 -
0:0:0:0:0:0:0:1 - - [21/Jul/2015:23:00:25 -0400] "GET /Task_Manager/javascript/basic.js HTTP/1.1" 304 -
0:0:0:0:0:0:0:1 - - [21/Jul/2015:23:00:25 -0400] "GET /Task_Manager/css/basic.css HTTP/1.1" 304 -
0:0:0:0:0:0:0:1 - - [21/Jul/2015:23:00:26 -0400] "GET /Task_Manager/index.jsp HTTP/1.1" 200 598
0:0:0:0:0:0:0:1 - - [21/Jul/2015:23:00:26 -0400] "GET /Task_Manager/javascript/jquery-2.1.4.js HTTP/1.1" 304 -
0:0:0:0:0:0:0:1 - - [21/Jul/2015:23:00:26 -0400] "GET /Task_Manager/javascript/basic.js HTTP/1.1" 304 -
0:0:0:0:0:0:0:1 - - [21/Jul/2015:23:00:26 -0400] "GET /Task_Manager/css/basic.css HTTP/1.1" 304 -
0:0:0:0:0:0:0:1 - - [21/Jul/2015:23:03:48 -0400] "GET /Task_Manager/index.jsp HTTP/1.1" 200 665
0:0:0:0:0:0:0:1 - - [21/Jul/2015:23:03:48 -0400] "GET /Task_Manager/javascript/basic.js HTTP/1.1" 304 -
0:0:0:0:0:0:0:1 - - [21/Jul/2015:23:03:48 -0400] "GET /Task_Manager/javascript/jquery-2.1.4.js HTTP/1.1" 304 -
0:0:0:0:0:0:0:1 - - [21/Jul/2015:23:03:48 -0400] "GET /Task_Manager/css/basic.css HTTP/1.1" 304 -
0:0:0:0:0:0:0:1 - - [21/Jul/2015:23:03:49 -0400] "GET /Task_Manager/index2.html HTTP/1.1" 404 999
0:0:0:0:0:0:0:1 - - [21/Jul/2015:23:03:52 -0400] "GET /Task_Manager/index2.html HTTP/1.1" 404 999
0:0:0:0:0:0:0:1 - - [21/Jul/2015:23:03:57 -0400] "GET /Task_Manager/index2.html HTTP/1.1" 404 999
0:0:0:0:0:0:0:1 - - [21/Jul/2015:23:03:57 -0400] "GET /Task_Manager/index2.html HTTP/1.1" 404 999
127.0.0.1 - - [21/Jul/2015:23:04:20 -0400] "GET / HTTP/1.1" 404 951
0:0:0:0:0:0:0:1 - - [21/Jul/2015:23:04:24 -0400] "GET /Task_Manager/index2.html HTTP/1.1" 404 999
0:0:0:0:0:0:0:1 - - [21/Jul/2015:23:04:34 -0400] "GET /Task_Manager/index2.html HTTP/1.1" 404 999
0:0:0:0:0:0:0:1 - - [21/Jul/2015:23:04:51 -0400] "GET /Task_Manager/index.html HTTP/1.1" 404 997
0:0:0:0:0:0:0:1 - - [21/Jul/2015:23:04:56 -0400] "GET /Task_Manager/index.jsp HTTP/1.1" 200 664
0:0:0:0:0:0:0:1 - - [21/Jul/2015:23:04:57 -0400] "GET /Task_Manager/index2.jsp HTTP/1.1" 200 630
0:0:0:0:0:0:0:1 - - [21/Jul/2015:23:05:03 -0400] "POST /Task_Manager/update HTTP/1.1" 200 34
